annotations jetbrains-runtime-annotations
aopalliance aopalliance-repackaged
commons-logging jcl-over-slf4j
expressly jakarta.el
jakarta.activation jakarta.activation-api
jakarta.json jakarta.json-api
jakarta.servlet-api org.apache.felix.http.servlet-api
jna jna-jpms
org.apache.felix.http.servlet-api tomcat-servlet-api
swagger-annotations swagger-annotations-jakarta
